// Jest Snapshot v1, https://goo.gl/fbAQLP

exports[`populate-project replaces variables in markdown files 1`] = `
"
  sample content
  mockAppName
  more sample content
  http://example.com/mockHomepage
  and yet more content
"
`;
