// Jest Snapshot v1, https://goo.gl/fbAQLP

exports[`Pages:Homepage renders the homepage 1`] = `
Array [
  <p>
    Welcome to the boilerplate React app using NextJS!
  </p>,
  <p>
    Try navigating to
    <a
      href="/example/second-page"
      onClick={[Function]}
      onMouseEnter={[Function]}
    >
      another page
    </a>
    and observe the URL changing
  </p>,
]
`;
